nftset=/.ua/4#inet#fw4#vpn_domains
nftset=/broadcom.com/4#inet#fw4#vpn_domains
nftset=/bytedapm.com/4#inet#fw4#vpn_domains
nftset=/bytegecko-i18n.com/4#inet#fw4#vpn_domains
nftset=/byteoversea.com/4#inet#fw4#vpn_domains
nftset=/capcut.com/4#inet#fw4#vpn_domains
nftset=/cdninstagram.com/4#inet#fw4#vpn_domains
nftset=/chatgpt.com/4#inet#fw4#vpn_domains
nftset=/copilot.microsoft.com/4#inet#fw4#vpn_domains
nftset=/designer.microsoft.com/4#inet#fw4#vpn_domains
nftset=/facebook.com/4#inet#fw4#vpn_domains
nftset=/fbcdn.net/4#inet#fw4#vpn_domains
nftset=/grok.com/4#inet#fw4#vpn_domains
nftset=/ibytedtos.com/4#inet#fw4#vpn_domains
nftset=/ibyteimg.com/4#inet#fw4#vpn_domains
nftset=/instagram.com/4#inet#fw4#vpn_domains
nftset=/intel.ac/4#inet#fw4#vpn_domains
nftset=/intel.ae/4#inet#fw4#vpn_domains
nftset=/intel.af/4#inet#fw4#vpn_domains
nftset=/intel.ag/4#inet#fw4#vpn_domains
nftset=/intel.ai/4#inet#fw4#vpn_domains
nftset=/intel.ar/4#inet#fw4#vpn_domains
nftset=/intel.at/4#inet#fw4#vpn_domains
nftset=/intel.az/4#inet#fw4#vpn_domains
nftset=/intel.ba/4#inet#fw4#vpn_domains
nftset=/intel.bg/4#inet#fw4#vpn_domains
nftset=/intel.bh/4#inet#fw4#vpn_domains
nftset=/intel.bi/4#inet#fw4#vpn_domains
nftset=/intel.bo/4#inet#fw4#vpn_domains
nftset=/intel.bs/4#inet#fw4#vpn_domains
nftset=/intel.by/4#inet#fw4#vpn_domains
nftset=/intel.ca/4#inet#fw4#vpn_domains
nftset=/intel.cc/4#inet#fw4#vpn_domains
nftset=/intel.cg/4#inet#fw4#vpn_domains
nftset=/intel.ch/4#inet#fw4#vpn_domains
nftset=/intel.cl/4#inet#fw4#vpn_domains
nftset=/intel.cm/4#inet#fw4#vpn_domains
nftset=/intel.cn/4#inet#fw4#vpn_domains
nftset=/intel.co.ae/4#inet#fw4#vpn_domains
nftset=/intel.co.cr/4#inet#fw4#vpn_domains
nftset=/intel.co.id/4#inet#fw4#vpn_domains
nftset=/intel.co.il/4#inet#fw4#vpn_domains
nftset=/intel.co.jp/4#inet#fw4#vpn_domains
nftset=/intel.co.kr/4#inet#fw4#vpn_domains
nftset=/intel.co.uk/4#inet#fw4#vpn_domains
nftset=/intel.co.za/4#inet#fw4#vpn_domains
nftset=/intel.com/4#inet#fw4#vpn_domains
nftset=/intel.com.ar/4#inet#fw4#vpn_domains
nftset=/intel.com.au/4#inet#fw4#vpn_domains
nftset=/intel.com.bo/4#inet#fw4#vpn_domains
nftset=/intel.com.br/4#inet#fw4#vpn_domains
nftset=/intel.com.cn/4#inet#fw4#vpn_domains
nftset=/intel.com.co/4#inet#fw4#vpn_domains
nftset=/intel.com.ec/4#inet#fw4#vpn_domains
nftset=/intel.com.hk/4#inet#fw4#vpn_domains
nftset=/intel.com.jm/4#inet#fw4#vpn_domains
nftset=/intel.com.mx/4#inet#fw4#vpn_domains
nftset=/intel.com.my/4#inet#fw4#vpn_domains
nftset=/intel.com.pe/4#inet#fw4#vpn_domains
nftset=/intel.com.ph/4#inet#fw4#vpn_domains
nftset=/intel.com.pr/4#inet#fw4#vpn_domains
nftset=/intel.com.py/4#inet#fw4#vpn_domains
nftset=/intel.com.tr/4#inet#fw4#vpn_domains
nftset=/intel.com.tw/4#inet#fw4#vpn_domains
nftset=/intel.com.uy/4#inet#fw4#vpn_domains
nftset=/intel.com.ve/4#inet#fw4#vpn_domains
nftset=/intel.cr/4#inet#fw4#vpn_domains
nftset=/intel.cu/4#inet#fw4#vpn_domains
nftset=/intel.cz/4#inet#fw4#vpn_domains
nftset=/intel.de/4#inet#fw4#vpn_domains
nftset=/intel.dk/4#inet#fw4#vpn_domains
nftset=/intel.dz/4#inet#fw4#vpn_domains
nftset=/intel.ec/4#inet#fw4#vpn_domains
nftset=/intel.ee/4#inet#fw4#vpn_domains
nftset=/intel.eg/4#inet#fw4#vpn_domains
nftset=/intel.es/4#inet#fw4#vpn_domains
nftset=/intel.eu/4#inet#fw4#vpn_domains
nftset=/intel.fi/4#inet#fw4#vpn_domains
nftset=/intel.fr/4#inet#fw4#vpn_domains
nftset=/intel.ga/4#inet#fw4#vpn_domains
nftset=/intel.gd/4#inet#fw4#vpn_domains
nftset=/intel.ge/4#inet#fw4#vpn_domains
nftset=/intel.gl/4#inet#fw4#vpn_domains
nftset=/intel.gm/4#inet#fw4#vpn_domains
nftset=/intel.gr/4#inet#fw4#vpn_domains
nftset=/intel.gs/4#inet#fw4#vpn_domains
nftset=/intel.gt/4#inet#fw4#vpn_domains
nftset=/intel.gy/4#inet#fw4#vpn_domains
nftset=/intel.hk/4#inet#fw4#vpn_domains
nftset=/intel.hn/4#inet#fw4#vpn_domains
nftset=/intel.ht/4#inet#fw4#vpn_domains
nftset=/intel.hu/4#inet#fw4#vpn_domains
nftset=/intel.ie/4#inet#fw4#vpn_domains
nftset=/intel.in/4#inet#fw4#vpn_domains
nftset=/intel.io/4#inet#fw4#vpn_domains
nftset=/intel.it/4#inet#fw4#vpn_domains
nftset=/intel.je/4#inet#fw4#vpn_domains
nftset=/intel.jo/4#inet#fw4#vpn_domains
nftset=/intel.jp/4#inet#fw4#vpn_domains
nftset=/intel.ke/4#inet#fw4#vpn_domains
nftset=/intel.la/4#inet#fw4#vpn_domains
nftset=/intel.lc/4#inet#fw4#vpn_domains
nftset=/intel.lk/4#inet#fw4#vpn_domains
nftset=/intel.lt/4#inet#fw4#vpn_domains
nftset=/intel.lu/4#inet#fw4#vpn_domains
nftset=/intel.ly/4#inet#fw4#vpn_domains
nftset=/intel.ma/4#inet#fw4#vpn_domains
nftset=/intel.md/4#inet#fw4#vpn_domains
nftset=/intel.me/4#inet#fw4#vpn_domains
nftset=/intel.mg/4#inet#fw4#vpn_domains
nftset=/intel.mk/4#inet#fw4#vpn_domains
nftset=/intel.mn/4#inet#fw4#vpn_domains
nftset=/intel.mp/4#inet#fw4#vpn_domains
nftset=/intel.mt/4#inet#fw4#vpn_domains
nftset=/intel.mu/4#inet#fw4#vpn_domains
nftset=/intel.mw/4#inet#fw4#vpn_domains
nftset=/intel.mx/4#inet#fw4#vpn_domains
nftset=/intel.my/4#inet#fw4#vpn_domains
nftset=/intel.ng/4#inet#fw4#vpn_domains
nftset=/intel.nl/4#inet#fw4#vpn_domains
nftset=/intel.nu/4#inet#fw4#vpn_domains
nftset=/intel.nz/4#inet#fw4#vpn_domains
nftset=/intel.pa/4#inet#fw4#vpn_domains
nftset=/intel.pe/4#inet#fw4#vpn_domains
nftset=/intel.ph/4#inet#fw4#vpn_domains
nftset=/intel.pl/4#inet#fw4#vpn_domains
nftset=/intel.pn/4#inet#fw4#vpn_domains
nftset=/intel.re/4#inet#fw4#vpn_domains
nftset=/intel.ro/4#inet#fw4#vpn_domains
nftset=/intel.ru/4#inet#fw4#vpn_domains
nftset=/intel.rw/4#inet#fw4#vpn_domains
nftset=/intel.sa/4#inet#fw4#vpn_domains
nftset=/intel.sc/4#inet#fw4#vpn_domains
nftset=/intel.se/4#inet#fw4#vpn_domains
nftset=/intel.sg/4#inet#fw4#vpn_domains
nftset=/intel.si/4#inet#fw4#vpn_domains
nftset=/intel.sk/4#inet#fw4#vpn_domains
nftset=/intel.sn/4#inet#fw4#vpn_domains
nftset=/intel.sr/4#inet#fw4#vpn_domains
nftset=/intel.st/4#inet#fw4#vpn_domains
nftset=/intel.sv/4#inet#fw4#vpn_domains
nftset=/intel.sx/4#inet#fw4#vpn_domains
nftset=/intel.sy/4#inet#fw4#vpn_domains
nftset=/intel.tf/4#inet#fw4#vpn_domains
nftset=/intel.tj/4#inet#fw4#vpn_domains
nftset=/intel.tl/4#inet#fw4#vpn_domains
nftset=/intel.tm/4#inet#fw4#vpn_domains
nftset=/intel.tn/4#inet#fw4#vpn_domains
nftset=/intel.tt/4#inet#fw4#vpn_domains
nftset=/intel.tv/4#inet#fw4#vpn_domains
nftset=/intel.tw/4#inet#fw4#vpn_domains
nftset=/intel.ua/4#inet#fw4#vpn_domains
nftset=/intel.uk/4#inet#fw4#vpn_domains
nftset=/intel.us/4#inet#fw4#vpn_domains
nftset=/intel.uy/4#inet#fw4#vpn_domains
nftset=/intel.uz/4#inet#fw4#vpn_domains
nftset=/intel.vg/4#inet#fw4#vpn_domains
nftset=/intel.vn/4#inet#fw4#vpn_domains
nftset=/intel.vu/4#inet#fw4#vpn_domains
nftset=/intel.wf/4#inet#fw4#vpn_domains
nftset=/intel.yt/4#inet#fw4#vpn_domains
nftset=/ipstatp.com/4#inet#fw4#vpn_domains
nftset=/isnssdk.com/4#inet#fw4#vpn_domains
nftset=/jetbrains.com/4#inet#fw4#vpn_domains
nftset=/jetbrains.space/4#inet#fw4#vpn_domains
nftset=/ldoceonline.com/4#inet#fw4#vpn_domains
nftset=/licdn.com/4#inet#fw4#vpn_domains
nftset=/linkedin.com/4#inet#fw4#vpn_domains
nftset=/lnkd.in/4#inet#fw4#vpn_domains
nftset=/meta.com/4#inet#fw4#vpn_domains
nftset=/muscdn.com/4#inet#fw4#vpn_domains
nftset=/musical.ly/4#inet#fw4#vpn_domains
nftset=/notion-static.com/4#inet#fw4#vpn_domains
nftset=/notion.com/4#inet#fw4#vpn_domains
nftset=/notion.new/4#inet#fw4#vpn_domains
nftset=/notion.site/4#inet#fw4#vpn_domains
nftset=/notion.so/4#inet#fw4#vpn_domains
nftset=/oaistatic.com/4#inet#fw4#vpn_domains
nftset=/openai.com/4#inet#fw4#vpn_domains
nftset=/openwrt.org/4#inet#fw4#vpn_domains
nftset=/proton.me/4#inet#fw4#vpn_domains
nftset=/protonmail.com/4#inet#fw4#vpn_domains
nftset=/sgpstatp.com/4#inet#fw4#vpn_domains
nftset=/snssdk.com/4#inet#fw4#vpn_domains
nftset=/tik-tokapi.com/4#inet#fw4#vpn_domains
nftset=/tiktok.com/4#inet#fw4#vpn_domains
nftset=/tiktokcdn-us.com/4#inet#fw4#vpn_domains
nftset=/tiktokcdn.com/4#inet#fw4#vpn_domains
nftset=/tiktokd.net/4#inet#fw4#vpn_domains
nftset=/tiktokd.org/4#inet#fw4#vpn_domains
nftset=/tiktokmusic.app/4#inet#fw4#vpn_domains
nftset=/tiktokv.com/4#inet#fw4#vpn_domains
nftset=/tiktokv.us/4#inet#fw4#vpn_domains
nftset=/ttwebview.com/4#inet#fw4#vpn_domains
nftset=/xerox.com/4#inet#fw4#vpn_domains
